0 verbose cli /usr/bin/node /usr/share/nodejs/npm/bin/npm-cli.js
1 info using npm@9.2.0
2 info using node@v20.19.2
3 timing npm:load:whichnode Completed in 1ms
4 timing config:load:defaults Completed in 1ms
5 timing config:load:file:/usr/share/nodejs/npm/npmrc Completed in 3ms
6 timing config:load:builtin Completed in 3ms
7 timing config:load:cli Completed in 2ms
8 timing config:load:env Completed in 0ms
9 timing config:load:file:/app/remotion/.npmrc Completed in 1ms
10 timing config:load:project Completed in 4ms
11 timing config:load:file:/app/.npmrc Completed in 0ms
12 timing config:load:user Completed in 1ms
13 timing config:load:file:/etc/npmrc Completed in 0ms
14 timing config:load:global Completed in 0ms
15 timing config:load:setEnvs Completed in 1ms
16 timing config:load Completed in 12ms
17 timing npm:load:configload Completed in 12ms
18 timing npm:load:mkdirpcache Completed in 1ms
19 timing npm:load:mkdirplogs Completed in 2ms
20 verbose title npm exec remotion render src/index.ts ShortVideo ../output/test_final_remotion.mp4 --props=./generated_props.json --pixel-format=yuv420p --codec=h264 --gop=30 --crf=18 --audio-codec=aac --audio-bitrate=192k --offthreadvideo-video-threads=4
21 verbose argv "exec" "--" "remotion" "render" "src/index.ts" "ShortVideo" "../output/test_final_remotion.mp4" "--props=./generated_props.json" "--pixel-format=yuv420p" "--codec=h264" "--gop=30" "--crf=18" "--audio-codec=aac" "--audio-bitrate=192k" "--offthreadvideo-video-threads=4"
22 timing npm:load:setTitle Completed in 1ms
23 timing config:load:flatten Completed in 2ms
24 timing npm:load:display Completed in 3ms
25 verbose logfile logs-max:10 dir:/app/.npm/_logs/2026-09-18T09_58_41_533Z-
26 verbose logfile /app/.npm/_logs/2026-09-18T09_58_41_533Z-debug-0.log
27 timing npm:load:logFile Completed in 13ms
28 timing npm:load:timers Completed in 0ms
29 timing npm:load:configScope Completed in 1ms
30 timing npm:load Completed in 35ms
31 silly logfile start cleaning logs, removing 1 files
32 timing config:load:flatten Completed in 0ms
33 silly logfile done cleaning log files
34 timing command:exec Completed in 275491ms
35 verbose exit 0
36 timing npm Completed in 275550ms
37 info ok
